[2026/10/8 11:33:22] 响应状态 200，content-encoding=br，content-type=text/html;charset=UTF-8
[2026/10/8 11:33:22] 第 1 次尝试（直连）获取到真实页面，长度 712782
[2026/10/8 11:33:22] 抓取成功：94 个 SKU（楼层商品 20 个）
[2026/10/8 11:33:22] 基准快照已建立（首次运行）
[2026/10/8 11:34:23] 响应状态 200，content-encoding=br，content-type=text/html;charset=UTF-8
[2026/10/8 11:34:23] 第 1/5 次命中验证页，稍后换 UA 重试
[2026/10/8 11:34:23] 等待 4.8 秒后重试...
[2026/10/8 11:34:28] 响应状态 200，content-encoding=br，content-type=text/html;charset=UTF-8
[2026/10/8 11:34:28] 第 2/5 次命中验证页，稍后换 UA 重试
[2026/10/8 11:34:28] 等待 5.4 秒后重试...
[2026/10/8 11:34:34] 响应状态 200，content-encoding=(无)，content-type=text/plain; charset=utf-8
[2026/10/8 11:34:34] 第 3 次尝试（jina中转）获取到真实页面，长度 656069
[2026/10/8 11:34:34] 抓取成功：82 个 SKU（楼层商品 19 个）
[2026/10/8 11:34:34] 【上新】1 个新商品：
  + 联想WATCH Fit Air Pro Ai运动智能手表血氧心率女性经期监测男女 ￥299 | 1号会员店 | SKU:100402600234 | https://item.m.jd.com/product/100402600234.html
[2026/10/8 11:34:36] Qmsg推送 HTTP 200 成功 {"success":true,"message":"操作成功","code":0,"data":null,"info":{"msgId":95150},"tip":"该接口即将废弃,请及时进入官网(https://qmsg.zendee.cn)查看最新文档","reason":"操作成功"}
[2026/10/8 11:36:03] 响应状态 200，content-encoding=br，content-type=text/html;charset=UTF-8
[2026/10/8 11:36:03] 第 1 次尝试（直连）获取到真实页面，长度 672830
[2026/10/8 11:36:03] 抓取成功：83 个 SKU（楼层商品 20 个）
[2026/10/8 11:36:03] 检查完成，无上新 
[2026/10/8 11:44:50] 响应状态 200，content-encoding=br，content-type=text/html;charset=UTF-8
[2026/10/8 11:44:50] 第 1/5 次命中验证页，稍后换 UA 重试
[2026/10/8 11:44:50] 等待 5.3 秒后重试...
[2026/10/8 11:44:57] 响应状态 200，content-encoding=br，content-type=text/html;charset=UTF-8
[2026/10/8 11:44:57] 第 2 次尝试（直连）获取到真实页面，长度 671035
[2026/10/8 11:44:57] 抓取成功：84 个 SKU（楼层商品 20 个）
[2026/10/8 11:44:57] 检查完成，无上新 （热区待确认 1 个）
[2026/10/8 13:05:16] 响应状态 200，content-encoding=br，content-type=text/html;charset=UTF-8
[2026/10/8 13:05:16] 第 1 次尝试（直连）获取到真实页面，长度 849665
[2026/10/8 13:05:16] 抓取成功：111 个 SKU（楼层商品 47 个）
[2026/10/8 13:05:16] 【上新】47 个新商品：
  + 新安代婴儿浴巾儿童新初生幼儿超软宝宝用品必备洗澡吸水包巾速干 【新升级】熊猫【1 ￥37.8 | 新安代母婴用品旗舰店 | SKU:10235681161066 | https://item.m.jd.com/product/10235681161066.html
  + 碧荷（P.Health）儿童U型枕宝宝旅行安全座椅枕婴儿枕头u型枕护颈枕 1-6 ￥339 | P.Health Kids京东自营旗舰店 | SKU:100323593019 | https://item.m.jd.com/product/100323593019.html
  + bebebus婴儿被子新生儿绵羊毛秋冬盖被宝宝幼儿园儿童被子 四季1.2×1.5 ￥558 | BeBeBus京东自营旗舰店 | SKU:100399670298 | https://item.m.jd.com/product/100399670298.html
  + babycare婴儿睡袋四季通用款山茶花儿童防踢被神器中大童春夏宝宝睡袋 【柔暖 ￥499 | Babycare官方旗舰店 | SKU:10232809594839 | https://item.m.jd.com/product/10232809594839.html
  + 盟石（cute stone）定型枕婴儿0-6个月睡圆头婴儿定型枕头0-1岁纠正头 ￥168 | 盟石 CUTE STONE母婴玩具旗舰店 | SKU:10144745537081 | https://item.m.jd.com/product/10144745537081.html
  + 碧荷（P.Health）婴儿斜坡枕防吐奶溢奶斜坡垫哺乳枕宝宝喂奶哄睡神器新生儿床 ￥299 | P.Health Kids京东自营旗舰店 | SKU:100280291623 | https://item.m.jd.com/product/100280291623.html
  + ibaby儿童被子幼儿园毯子宝宝双面盖毯婴儿盖被四季通用保暖午休毯秋冬 企鹅绒毯 ￥159 | i-baby官方旗舰店 | SKU:10235688574543 | https://item.m.jd.com/product/10235688574543.html
  + 英氏（YEEHOO）婴儿包单产房襁褓睡袋柔软抗菌加大新生儿包巾 狂欢派对 四层竹 ￥399 | 英氏（YEEHOO）家居床品旗舰店 | SKU:10235457454649 | https://item.m.jd.com/product/10235457454649.html
  + 卡贝乐婴儿定型枕头0-6个月睡圆头夏季硅胶纠正偏头型宝宝哄睡儿童枕头 ￥74.9 | 卡贝乐母婴京东自营旗舰店 | SKU:100421780924 | https://item.m.jd.com/product/100421780924.html
  + babycare新生儿毛毯盖毯幼儿园宝宝午睡秋冬四季空调被毯子被子儿童节礼物 【 ￥159 | Babycare官方旗舰店 | SKU:10082087937250 | https://item.m.jd.com/product/10082087937250.html
  + ibaby×outlast恒温豆豆被儿童被子幼儿园宝宝秋冬100g花萌友趣120 ￥650 | i-baby京东自营旗舰店 | SKU:100321702343 | https://item.m.jd.com/product/100321702343.html
  + 水星儿童（MERCURY Kids）软棉飞行60S长绒棉棉花四季被儿童被(新疆棉 ￥539 | 水星儿童（MERCURY Kids）母婴京东自营旗舰店 | SKU:100401613778 | https://item.m.jd.com/product/100401613778.html
  + 贝肽斯睡袋婴儿春秋冬新生儿宝宝恒温分腿睡袋儿童防踢被保暖分腿连体衣 繁枝兔语【春 ￥259.8 | 贝肽斯官方旗舰店 | SKU:10235034357763 | https://item.m.jd.com/product/10235034357763.html
  + 莫尔兔婴儿被子桑蚕丝秋冬新生儿童母婴级宝宝专用幼儿园豆豆被150*120 ￥149.9 | 莫尔兔京东自营旗舰店 | SKU:100303720985 | https://item.m.jd.com/product/100303720985.html
  + 麦格萌儿童睡袋春秋薄款婴儿竹棉分腿睡衣宝宝前六后四可拆袖防踢被神器 萌宠幻境 L ￥219.8 | 麦格萌母婴旗舰店 | SKU:10233663402804 | https://item.m.jd.com/product/10233663402804.html
  + ibaby恒温儿童被子绗缝被秋冬夹棉豆豆被幼儿园200g花窗动物会120×150 ￥750 | i-baby京东自营旗舰店 | SKU:100321702109 | https://item.m.jd.com/product/100321702109.html
  + ibaby×outlast太空科技恒温空气层儿童睡袋婴儿防踢被宝宝亲肤睡衣 软萌 ￥199 | i-baby官方旗舰店 | SKU:10236538845515 | https://item.m.jd.com/product/10236538845515.html
  + 麦格萌婴儿夹棉连体衣加厚睡袋秋冬暖姜保暖睡衣宝宝恒温儿童分腿防踢被 暖姜X纯棉恒 ￥326 | 麦格萌母婴旗舰店 | SKU:10235800623289 | https://item.m.jd.com/product/10235800623289.html
  + 麦格萌婴儿宝宝睡袋春秋冬款空气层暖姜恒温新生儿宝宝防踢被四季通用款 【纯棉X暖姜 ￥198 | 麦格萌母婴旗舰店 | SKU:10234602158304 | https://item.m.jd.com/product/10234602158304.html
  + ibaby企鹅绒儿童被子午睡毯子沙发毯幼儿园毛毯秋冬兜风灰企鹅120×150 ￥269 | i-baby京东自营旗舰店 | SKU:100420175978 | https://item.m.jd.com/product/100420175978.html
  + 良良（liangliang）儿童睡袋恒温低敏防静电秋冬宝宝防踢被子婴儿空调房防踢 ￥428 | 良良官方旗舰店 | SKU:10202023745625 | https://item.m.jd.com/product/10202023745625.html
  + 良良（liangliang）【粉丝特惠】新生儿包裹抱被防惊跳夹棉盖被 方程粉-4 ￥299 | 良良官方旗舰店 | SKU:10176856000293 | https://item.m.jd.com/product/10176856000293.html
  + ibaby×outlast太空科技恒温深睡安抚婴被宝宝盖毯儿童睡被秋冬-清 钻石 ￥229 | i-baby官方旗舰店 | SKU:10235426817363 | https://item.m.jd.com/product/10235426817363.html
  + ibaby×outlast太空科技恒温深睡安抚婴被宝宝盖毯儿童睡被秋冬-清 钻石 ￥229 | i-baby官方旗舰店 | SKU:10235426817351 | https://item.m.jd.com/product/10235426817351.html
  + ibaby×outlast太空科技恒温空气层儿童睡袋婴儿防踢被宝宝亲肤睡衣 纯真 ￥199 | i-baby官方旗舰店 | SKU:10236538845501 | https://item.m.jd.com/product/10236538845501.html
  + ibaby恒温空气层婴儿睡袋儿童分腿睡袋宝宝防踢被包被秋冬憨憨小熊110 ￥499 | i-baby京东自营旗舰店 | SKU:100415322452 | https://item.m.jd.com/product/100415322452.html
  + ibaby恒温空气层婴儿睡袋儿童分腿睡袋宝宝防踢被包被秋冬软萌熊猫120 ￥499 | i-baby京东自营旗舰店 | SKU:100415322480 | https://item.m.jd.com/product/100415322480.html
  + ibaby恒温空气层婴儿睡袋儿童分腿睡袋宝宝防踢被包被秋冬憨憨小熊130 ￥499 | i-baby京东自营旗舰店 | SKU:100318468101 | https://item.m.jd.com/product/100318468101.html
  + ibaby恒温空气层婴儿睡袋儿童分腿睡袋宝宝防踢被包被秋冬憨憨小熊90 ￥499 | i-baby京东自营旗舰店 | SKU:100415322478 | https://item.m.jd.com/product/100415322478.html
  + bledilait旅行酒店隔脏睡袋床单被套罩重复使用非全棉纯棉便携式一体四件套 ￥89 | bledilait京东自营旗舰店 | SKU:100314363445 | https://item.m.jd.com/product/100314363445.html
  + 麦格萌婴儿宝宝睡袋春秋冬款空气层暖姜恒温新生儿宝宝防踢被四季通用款 【纯棉X暖姜 ￥198 | 麦格萌母婴旗舰店 | SKU:10234602158305 | https://item.m.jd.com/product/10234602158305.html
  + 新安代婴儿浴巾儿童新初生幼儿超软宝宝用品必备洗澡吸水包巾速干 小龙【7A抗菌 超 ￥61 | 新安代母婴用品旗舰店 | SKU:10235681161079 | https://item.m.jd.com/product/10235681161079.html
  + 新安代婴儿浴巾儿童新初生幼儿超软宝宝用品必备洗澡吸水包巾速干 粉兔【7A抗菌 超 ￥61 | 新安代母婴用品旗舰店 | SKU:10235681161076 | https://item.m.jd.com/product/10235681161076.html
  + ibaby恒温空气层婴儿睡袋儿童分腿睡袋宝宝防踢被包被秋冬软萌熊猫110 ￥499 | i-baby京东自营旗舰店 | SKU:100415322544 | https://item.m.jd.com/product/100415322544.html
  + 麦格萌婴儿夹棉连体衣加厚睡袋秋冬暖姜保暖睡衣宝宝恒温儿童分腿防踢被 暖姜X纯棉恒 ￥326 | 麦格萌母婴旗舰店 | SKU:10235800623290 | https://item.m.jd.com/product/10235800623290.html
  + 新安代婴儿浴巾儿童新初生幼儿超软宝宝用品必备洗澡吸水包巾速干 小虎【7A抗菌 超 ￥61 | 新安代母婴用品旗舰店 | SKU:10235681161082 | https://item.m.jd.com/product/10235681161082.html
  + 新安代婴儿浴巾儿童新初生幼儿超软宝宝用品必备洗澡吸水包巾速干 小熊【7A抗菌 超 ￥61 | 新安代母婴用品旗舰店 | SKU:10235681161073 | https://item.m.jd.com/product/10235681161073.html
  + 麦格萌儿童睡袋春秋薄款婴儿竹棉分腿睡衣宝宝前六后四可拆袖防踢被神器 萌宠幻境 M ￥219.8 | 麦格萌母婴旗舰店 | SKU:10233663402803 | https://item.m.jd.com/product/10233663402803.html
  + 麦格萌婴儿睡袋纯棉恒温秋冬宝宝睡衣空气层夹棉分腿式睡袋3-18月 ￥199 | 麦格萌京东自营旗舰店 | SKU:100414922014 | https://item.m.jd.com/product/100414922014.html
  + 麦格萌婴儿睡袋纯棉恒温秋冬宝宝睡衣空气层夹棉分腿式睡袋 ￥199 | 麦格萌京东自营旗舰店 | SKU:100318202487 | https://item.m.jd.com/product/100318202487.html
  + 碧荷（P.Health）儿童U型枕宝宝旅行安全座椅枕婴儿u型枕护颈枕6-12岁升 ￥339 | P.Health Kids京东自营旗舰店 | SKU:100323593155 | https://item.m.jd.com/product/100323593155.html
  + ibaby恒温空气层婴儿睡袋儿童分腿睡袋宝宝防踢被包被秋冬软萌熊猫130 ￥499 | i-baby京东自营旗舰店 | SKU:100318468143 | https://item.m.jd.com/product/100318468143.html
  + 英氏（YEEHOO）婴儿包单产房襁褓睡袋柔软抗菌加大新生儿包巾 丛林奇遇记 双层 ￥259 | 英氏（YEEHOO）家居床品旗舰店 | SKU:10235457454648 | https://item.m.jd.com/product/10235457454648.html
  + 英氏（YEEHOO）婴儿包单产房襁褓睡袋柔软抗菌加大新生儿包巾 狂欢派对 双层竹 ￥259 | 英氏（YEEHOO）家居床品旗舰店 | SKU:10235457454650 | https://item.m.jd.com/product/10235457454650.html
  + 良良儿童枕头流动塑型A类抗菌宝宝枕四季定型枕3-6岁小熊款(单枕套) ￥346 | 良良京东自营旗舰店 | SKU:100322095219 | https://item.m.jd.com/product/100322095219.html
  + 良良儿童枕头流动塑型A类抗菌宝宝枕四季定型枕3-6岁小兔款(单枕套) ￥346 | 良良京东自营旗舰店 | SKU:100322095303 | https://item.m.jd.com/product/100322095303.html
  + 贝肽斯睡袋婴儿春秋冬新生儿宝宝恒温分腿睡袋儿童防踢被保暖分腿连体衣 茶话游园【春 ￥259.8 | 贝肽斯官方旗舰店 | SKU:10235034357775 | https://item.m.jd.com/product/10235034357775.html
[2026/10/8 13:05:19] Qmsg推送 HTTP 200 成功 {"success":true,"message":"操作成功","code":0,"data":null,"info":{"msgId":95482},"tip":"该接口即将废弃,请及时进入官网(https://qmsg.zendee.cn)查看最新文档","reason":"操作成功"}
[2026/10/8 18:00:38] 响应状态 200，content-encoding=br，content-type=text/html;charset=UTF-8
[2026/10/8 18:00:38] 第 1/5 次命中验证页，稍后换 UA 重试
[2026/10/8 18:00:38] 等待 7.6 秒后重试...
[2026/10/8 18:00:47] 响应状态 200，content-encoding=br，content-type=text/html;charset=UTF-8
[2026/10/8 18:00:47] 第 2/5 次命中验证页，稍后换 UA 重试
[2026/10/8 18:00:47] 等待 4.3 秒后重试...
[2026/10/8 18:00:53] 响应状态 200，content-encoding=(无)，content-type=text/plain; charset=utf-8
[2026/10/8 18:00:53] 第 3/5 次命中验证页，稍后重试
[2026/10/8 18:00:53] 等待 2.0 秒后重试...
[2026/10/8 18:00:55] 响应状态 200，content-encoding=(无)，content-type=text/plain; charset=utf-8
[2026/10/8 18:00:55] 第 4/5 次命中验证页，稍后重试
[2026/10/8 18:00:55] 等待 2.0 秒后重试...
[2026/10/8 18:00:58] 响应状态 200，content-encoding=(无)，content-type=text/plain; charset=utf-8
[2026/10/8 18:00:58] 第 5/5 次命中验证页，稍后重试
[2026/10/8 18:00:58] 全部重试均失败（验证页/网络），本次跳过
[2026/10/8 23:15:43] 响应状态 200，content-encoding=br，content-type=text/html;charset=UTF-8
[2026/10/8 23:15:43] 第 1/5 次命中验证页，稍后换 UA 重试
[2026/10/8 23:15:43] 等待 5.9 秒后重试...
[2026/10/8 23:15:50] 响应状态 200，content-encoding=br，content-type=text/html;charset=UTF-8
[2026/10/8 23:15:51] 第 2 次尝试（直连）获取到真实页面，长度 840643
[2026/10/8 23:15:51] 抓取成功：107 个 SKU（楼层商品 45 个）
[2026/10/8 23:15:51] 【上新】2 个新商品：
  + (热区商品)  | - | SKU:100088640019 | https://item.m.jd.com/product/100088640019.html
  + (热区商品)  | - | SKU:100205147025 | https://item.m.jd.com/product/100205147025.html
[2026/10/8 23:15:52] Qmsg推送 HTTP 200 成功 {"success":true,"message":"操作成功","code":0,"data":null,"info":{"msgId":97231},"tip":"该接口即将废弃,请及时进入官网(https://qmsg.zendee.cn)查看最新文档","reason":"操作成功"}
[2026/10/9 02:13:48] 响应状态 200，content-encoding=br，content-type=text/html;charset=UTF-8
[2026/10/9 02:13:48] 第 1/5 次命中验证页，稍后换 UA 重试
[2026/10/9 02:13:48] 等待 7.4 秒后重试...
[2026/10/9 02:13:55] 响应状态 200，content-encoding=br，content-type=text/html;charset=UTF-8
[2026/10/9 02:13:55] 第 2/5 次命中验证页，稍后换 UA 重试
[2026/10/9 02:13:55] 等待 7.9 秒后重试...
[2026/10/9 02:14:06] 响应状态 200，content-encoding=(无)，content-type=text/plain; charset=utf-8
[2026/10/9 02:14:06] 第 3 次尝试（jina中转）获取到真实页面，长度 660427
[2026/10/9 02:14:06] 抓取成功：81 个 SKU（楼层商品 21 个）
[2026/10/9 02:14:06] 【上新】29 个新商品：
  + 澳龙猫粮老年猫粮呵护泌尿健康呵护肠道口腔老年猫营养粮7岁以上40g ￥19.9 | 东方澳龙京东自营旗舰店 | SKU:100408754390 | https://item.m.jd.com/product/100408754390.html
  + 联想WATCH Fit Air Pro Ai运动智能手表血氧心率女性经期监测男女 ￥299 | 1号会员店 | SKU:100402598644 | https://item.m.jd.com/product/100402598644.html
  + 杰士邦肤感避孕套超薄安全套仿生皮PI超柔3只裸感男专用防过敏非乳胶 ￥99 | 杰士邦京东自营旗舰店 | SKU:100419289218 | https://item.m.jd.com/product/100419289218.html
  + 心相印东方纸上系列抽纸 悠然款4层80抽3包 岩雨听眠香M码 纸巾 ￥16.9 | 心相印京东自营旗舰店 | SKU:100314172213 | https://item.m.jd.com/product/100314172213.html
  + 戴·可·思（Dexter）儿童金盏花护发素 男女孩植萃无硅油 滋润护发素20g ￥29.9 | 戴·可·思（Dexter）母婴京东自营旗舰店 | SKU:100060368597 | https://item.m.jd.com/product/100060368597.html
  + 韩愢发彩染发膏摩卡冷棕染发剂天然植物无刺激不沾头皮自己在家盖白 ￥179.9 | 韩愢京东自营旗舰店 | SKU:100413327556 | https://item.m.jd.com/product/100413327556.html
  + 博士伦美瞳日抛 蕾丝闪眸漫游2P隐形眼镜试戴片飞跃落日棕0度 ￥19.9 | 博士伦京东自营旗舰店 | SKU:100200966490 | https://item.m.jd.com/product/100200966490.html
  + 施华蔻（Schwarzkopf）GOT2B尖钉强力定型发胶50ML ￥32 | 施华蔻京东自营旗舰店 | SKU:100398743012 | https://item.m.jd.com/product/100398743012.html
  + 月龙吟日式清酒 15度国产洋酒 居家微醺自饮 纯米酿造300ml 国庆节送礼 ￥29.9 | 月龙吟京东自营旗舰店 | SKU:100413083182 | https://item.m.jd.com/product/100413083182.html
  + 爱国者（aigo）蓝牙骨传导运动耳机 游泳8级防水2026新款开放专业游泳健身骑 ￥259 | aigo爱国者娱乐影音京东自营旗舰店 | SKU:100414088322 | https://item.m.jd.com/product/100414088322.html
  + 西湖工夫明前特级龙井绿茶老茶树2026新茶叶2.5g春茶自己喝自饮 ￥198 | 西湖工夫京东自营旗舰店 | SKU:100303020377 | https://item.m.jd.com/product/100303020377.html
  + 博士伦美瞳日抛彩色隐形眼镜自然混血大小直径美瞳光的三次方2片 ￥89 | 博士伦京东自营旗舰店 | SKU:100261981058 | https://item.m.jd.com/product/100261981058.html
  + 施华蔻（Schwarzkopf）got2b迷浪盈卷弹力素乳液100ml 卷发保湿 ￥47.4 | 施华蔻京东自营旗舰店 | SKU:100406210150 | https://item.m.jd.com/product/100406210150.html
  + 鲸裕 WHALE RICH鲸裕海洋 混合口味 330ml 6罐装 中国气泡酒清酒 ￥59 | 鲸裕清酒官方旗舰店 | SKU:10209187567630 | https://item.m.jd.com/product/10209187567630.html
  + 日康（rikang）儿童马桶 宝宝坐便器便盆多功能踩脚凳椅子  【3卷】X201 ￥25.8 | 日康母婴用品官方旗舰店 | SKU:10234817864590 | https://item.m.jd.com/product/10234817864590.html
  + 欢医生泡脚药包30味艾草生姜花椒祛湿祛寒男女士助眠足浴包2包 ￥19 | 欢医生京东自营旗舰店 | SKU:100411196606 | https://item.m.jd.com/product/100411196606.html
  + 自由点益生菌PRO卫生巾赵露思同款卫生巾日用250mm姨妈巾透气绵柔1包1片 ￥6.9 | 自由点京东自营旗舰店 | SKU:100124085512 | https://item.m.jd.com/product/100124085512.html
  + 羽感000超薄裸感避孕套玻尿酸潮敏安全套水润空气套10只情趣成人用品 ￥119 | 羽感京东自营旗舰店 | SKU:100317298605 | https://item.m.jd.com/product/100317298605.html
  + 骆驼（CAMEL）【王一博周边】防晒礼盒(防晒乳30g*2+防晒喷雾80ml*2 ￥399 | 骆驼（CAMEL）美妆京东自营旗舰店 | SKU:100399718146 | https://item.m.jd.com/product/100399718146.html
  + 心相印Kitty湿厕纸家庭装80片*6包湿厕用纸卫生间湿纸巾家用洁厕厕纸 ￥88 | 心相印京东自营旗舰店 | SKU:100409156988 | https://item.m.jd.com/product/100409156988.html
  + 窝小芽婴幼儿小馒头奶香味 宝宝零食 婴幼儿饼干奶豆无添加蔗糖80g 8M+ ￥29.9 | 窝小芽京东自营旗舰店 | SKU:100034375281 | https://item.m.jd.com/product/100034375281.html
  + (热区商品)  | - | SKU:3533763 | https://item.m.jd.com/product/3533763.html
  + (热区商品)  | - | SKU:100101176570 | https://item.m.jd.com/product/100101176570.html
  + (热区商品)  | - | SKU:10220297278335 | https://item.m.jd.com/product/10220297278335.html
  + (热区商品)  | - | SKU:100294607488 | https://item.m.jd.com/product/100294607488.html
  + (热区商品)  | - | SKU:10171838571603 | https://item.m.jd.com/product/10171838571603.html
  + (热区商品)  | - | SKU:100049239409 | https://item.m.jd.com/product/100049239409.html
  + (热区商品)  | - | SKU:100258137234 | https://item.m.jd.com/product/100258137234.html
  + (热区商品)  | - | SKU:10123809417811 | https://item.m.jd.com/product/10123809417811.html
[2026/10/9 02:14:08] Qmsg推送 HTTP 200 成功 {"success":true,"message":"操作成功","code":0,"data":null,"info":{"msgId":98007},"tip":"该接口即将废弃,请及时进入官网(https://qmsg.zendee.cn)查看最新文档","reason":"操作成功"}
[2026/10/9 02:27:03] 响应状态 200，content-encoding=gzip，content-type=text/html;charset=UTF-8
[2026/10/9 02:27:03] 第 1/5 次命中验证页，稍后换 UA 重试
[2026/10/9 02:27:03] 等待 4.4 秒后重试...
[2026/10/9 02:27:08] 响应状态 200，content-encoding=gzip，content-type=text/html;charset=UTF-8
[2026/10/9 02:27:08] 第 2/5 次命中验证页，稍后换 UA 重试
[2026/10/9 02:27:08] 等待 7.4 秒后重试...
[2026/10/9 02:27:16] 响应状态 200，content-encoding=(无)，content-type=text/plain; charset=utf-8
[2026/10/9 02:27:16] 第 3 次尝试（jina中转）获取到真实页面，长度 660427
[2026/10/9 02:27:16] 抓取成功：97 个 SKU（时段商品 21 个 / 楼层商品 21 个）
[2026/10/9 02:27:16] 当前场次：10:00 场（stageId=322238655）；全部场次：10:00:00 → 20:00:00 → 10:00:00
[2026/10/9 02:27:16] 【上新】28 个商品：
  + 迷浪弹力素100ml ￥34 [库存200 限购1] <场次322238655> | - | SKU:621910 | https://item.m.jd.com/product/621910.html
  + 澳龙老年猫粮40g ￥9.9 [库存100 限购10] <场次322238655> | - | SKU:100408751452 | https://item.m.jd.com/product/100408751452.html
  + 杰士邦仿生皮超柔 ￥99 [库存80 限购1] <场次322238655> | - | SKU:100152542844 | https://item.m.jd.com/product/100152542844.html
  + 心相印抽纸M码 ￥10.9 [库存60 限购1] <场次322238655> | - | SKU:100307669647 | https://item.m.jd.com/product/100307669647.html
  + 博士伦美瞳日抛 ￥9.4 [库存100 限购1] <场次322238655> | - | SKU:100157756031 | https://item.m.jd.com/product/100157756031.html
  + 月龙吟清酒300ml ￥29.9 [库存80 限购1] <场次322238655> | - | SKU:100317681905 | https://item.m.jd.com/product/100317681905.html
  + 爱国者防水耳机 ￥243 [库存25 限购1] <场次322238655> | - | SKU:100411234158 | https://item.m.jd.com/product/100411234158.html
  + 西湖工夫龙井茶 ￥4.9 [库存200 限购1] <场次322238655> | - | SKU:100054161089 | https://item.m.jd.com/product/100054161089.html
  + 博士伦光的三次方 ￥9 [库存100 限购1] <场次322238655> | - | SKU:100115233646 | https://item.m.jd.com/product/100115233646.html
  + 5折罐装气泡酒 ￥59 [库存80 限购15] <场次322238655> | - | SKU:10033820430197 | https://item.m.jd.com/product/10033820430197.html
  + 日康垃圾袋*3卷 ￥25.8 [库存100 限购10] <场次322238655> | - | SKU:10036053802273 | https://item.m.jd.com/product/10036053802273.html
  + 泡脚药包30g*2包 ￥19 [库存200 限购10] <场次322238655> | - | SKU:100315719723 | https://item.m.jd.com/product/100315719723.html
  + 益生菌PRO1片 ￥6.9 [库存200 限购1] <场次322238655> | - | SKU:100124085510 | https://item.m.jd.com/product/100124085510.html
  + 骆驼王一博礼盒 ￥259 [库存10 限购1] <场次322238655> | - | SKU:100233385903 | https://item.m.jd.com/product/100233385903.html
  + 心相印湿厕纸 ￥69.9 [库存50 限购1] <场次322238655> | - | SKU:100005511754 | https://item.m.jd.com/product/100005511754.html
  + 窝小芽小馒头 ￥14.9 [库存63 限购1] <场次322238655> | - | SKU:100013158055 | https://item.m.jd.com/product/100013158055.html
  + (热区商品)  | - | SKU:10228584886175 | https://item.m.jd.com/product/10228584886175.html
  + (热区商品)  | - | SKU:100260943316 | https://item.m.jd.com/product/100260943316.html
  + (热区商品)  | - | SKU:10229495715335 | https://item.m.jd.com/product/10229495715335.html
  + (热区商品)  | - | SKU:100306278320 | https://item.m.jd.com/product/100306278320.html
  + (热区商品)  | - | SKU:10214953988632 | https://item.m.jd.com/product/10214953988632.html
  + (热区商品)  | - | SKU:100211908313 | https://item.m.jd.com/product/100211908313.html
  + (热区商品)  | - | SKU:100192790938 | https://item.m.jd.com/product/100192790938.html
  + (热区商品)  | - | SKU:100314957628 | https://item.m.jd.com/product/100314957628.html
  + (热区商品)  | - | SKU:100010973967 | https://item.m.jd.com/product/100010973967.html
  + (热区商品)  | - | SKU:100009880191 | https://item.m.jd.com/product/100009880191.html
  + (热区商品)  | - | SKU:100364792836 | https://item.m.jd.com/product/100364792836.html
  + (热区商品)  | - | SKU:10232935106380 | https://item.m.jd.com/product/10232935106380.html
[2026/10/9 02:27:17] Qmsg推送 HTTP 200 成功 {"success":true,"message":"操作成功","code":0,"data":null,"info":{"msgId":98047},"tip":"该接口即将废弃,请及时进入官网(https://qmsg.zendee.cn)查看最新文档","reason":"操作成功"}
[2026/10/9 02:57:46] 响应状态 200，content-encoding=br，content-type=text/html;charset=UTF-8
[2026/10/9 02:57:46] 第 1 次尝试（直连）获取到真实页面，长度 646363
[2026/10/9 02:57:46] 抓取成功：94 个 SKU（时段商品 19 个 / 楼层商品 19 个）
[2026/10/9 02:57:46] 当前场次：10:00 场（stageId=322238655）；全部场次：10:00:00 → 20:00:00 → 10:00:00
[2026/10/9 02:57:46] 检查完成，无上新 
[2026/10/9 03:08:14] 响应状态 200，content-encoding=br，content-type=text/html;charset=UTF-8
[2026/10/9 03:08:14] 第 1 次尝试（直连）获取到真实页面，长度 647145
[2026/10/9 03:08:14] 抓取成功：93 个 SKU（时段商品 19 个 / 楼层商品 19 个）
[2026/10/9 03:08:14] 当前场次：10:00 场（stageId=322238655）；全部场次：10:00:00 → 20:00:00 → 10:00:00
[2026/10/9 03:08:14] 检查完成，无上新 （热区待确认 1 个）
[2026/10/9 03:19:04] 响应状态 200，content-encoding=br，content-type=text/html;charset=UTF-8
[2026/10/9 03:19:04] 第 1 次尝试（直连）获取到真实页面，长度 643867
[2026/10/9 03:19:04] 抓取成功：93 个 SKU（时段商品 19 个 / 楼层商品 19 个）
[2026/10/9 03:19:04] 当前场次：10:00 场（stageId=322238655）；全部场次：10:00:00 → 20:00:00 → 10:00:00
[2026/10/9 03:19:04] 【上新】1 个商品：
  + (热区商品)  | - | SKU:100356155162 | https://item.m.jd.com/product/100356155162.html
[2026/10/9 03:19:07] Qmsg 投递结果 msgId=98337 → ❌ 消息违规，已被丢弃
[2026/10/9 03:19:07] 推送未送达，清洗后的正文如下（供排查）：
【上新监控】检测到上新 1 个商品！
1. 新品
（打开官方 App 按商品名搜索；本通道禁发价格与链接）
时间: 2026/10/9 03:19:04
[2026/10/9 03:23:06] 响应状态 200，content-encoding=br，content-type=text/html;charset=UTF-8
[2026/10/9 03:23:06] 第 1 次尝试（直连）获取到真实页面，长度 649770
[2026/10/9 03:23:06] 抓取成功：93 个 SKU（时段商品 19 个 / 楼层商品 19 个）
[2026/10/9 03:23:06] 当前场次：10:00 场（stageId=322238655）；全部场次：10:00:00 → 20:00:00 → 10:00:00
[2026/10/9 03:23:06] 检查完成，无上新 
[2026/10/9 03:26:30] 响应状态 200，content-encoding=br，content-type=text/html;charset=UTF-8
[2026/10/9 03:26:30] 第 1/5 次命中验证页，稍后换 UA 重试
[2026/10/9 03:26:30] 等待 7.2 秒后重试...
[2026/10/9 03:26:38] 响应状态 200，content-encoding=br，content-type=text/html;charset=UTF-8
[2026/10/9 03:26:38] 第 2/5 次命中验证页，稍后换 UA 重试
[2026/10/9 03:26:38] 等待 6.7 秒后重试...
[2026/10/9 03:26:47] 响应状态 200，content-encoding=(无)，content-type=text/plain; charset=utf-8
[2026/10/9 03:26:47] 第 3 次尝试（jina中转）获取到真实页面，长度 647031
[2026/10/9 03:26:47] 抓取成功：95 个 SKU（时段商品 19 个 / 楼层商品 19 个）
[2026/10/9 03:26:47] 当前场次：10:00 场（stageId=322238655）；全部场次：10:00:00 → 20:00:00 → 10:00:00
[2026/10/9 03:26:47] 检查完成，无上新 （热区待确认 2 个）
[2026/10/9 03:54:37] Qmsg 投递结果 msgId=98508 → ✅ 已送达 QQ
[2026/10/9 03:54:37] 测试消息已送达 QQ ✅
[2026/10/9 11:56:07] 响应状态 200，content-encoding=br，content-type=text/html;charset=UTF-8
[2026/10/9 11:56:07] 第 1 次尝试（直连）获取到真实页面，长度 658647
[2026/10/9 11:56:07] 抓取成功：94 个 SKU（时段商品 21 个 / 楼层商品 21 个）
[2026/10/9 11:56:07] 当前场次：10:00 场（stageId=322238655）；全部场次：10:00:00 → 20:00:00 → 10:00:00
[2026/10/9 11:56:07] 【上新】2 个商品：
  + 联想AI手表 ￥199 [库存20 限购20] <场次322238655> | - | SKU:100402598644 | https://item.m.jd.com/product/100402598644.html
  + SK-II神仙水 ￥200 [库存30 限购1] <场次322238655> | - | SKU:100241543515 | https://item.m.jd.com/product/100241543515.html
[2026/10/9 11:56:10] Qmsg 投递结果 msgId=98521 → ❌ 消息违规，已被丢弃
[2026/10/9 11:56:10] ⚠️ 主文案被判违规，改用兜底文案重发：
【上新监控】检测到上新 2 个商品！
（详情请打开官方 App 查看）
[2026/10/9 11:56:12] Qmsg 提交失败 HTTP 400 {"success":false,"message":"请求频率限制5s","code":500,"data":null}
[2026/10/9 11:59:45] 响应状态 200，content-encoding=br，content-type=text/html;charset=UTF-8
[2026/10/9 11:59:45] 第 1/5 次命中验证页，稍后换 UA 重试
[2026/10/9 11:59:45] 等待 4.6 秒后重试...
[2026/10/9 11:59:50] 响应状态 200，content-encoding=br，content-type=text/html;charset=UTF-8
[2026/10/9 11:59:51] 第 2 次尝试（直连）获取到真实页面，长度 662759
[2026/10/9 11:59:51] 抓取成功：93 个 SKU（时段商品 21 个 / 楼层商品 21 个）
[2026/10/9 11:59:51] 当前场次：10:00 场（stageId=322238655）；全部场次：10:00:00 → 20:00:00 → 10:00:00
[2026/10/9 11:59:51] 检查完成，无上新 （热区待确认 20 个）
[2026/10/9 12:08:31] 响应状态 200，content-encoding=br，content-type=text/html;charset=UTF-8
[2026/10/9 12:08:31] 第 1 次尝试（直连）获取到真实页面，长度 723263
[2026/10/9 12:08:31] 抓取成功：110 个 SKU（时段商品 21 个 / 楼层商品 21 个）
[2026/10/9 12:08:31] 当前场次：10:00 场（stageId=322238655）；全部场次：10:00:00 → 20:00:00 → 10:00:00
[2026/10/9 12:08:31] 【上新】7 个商品：
  + (热区商品)  | - | SKU:100052612363 | https://item.m.jd.com/product/100052612363.html
  + (热区商品)  | - | SKU:100229279737 | https://item.m.jd.com/product/100229279737.html
  + (热区商品)  | - | SKU:100322495581 | https://item.m.jd.com/product/100322495581.html
  + (热区商品)  | - | SKU:100117965571 | https://item.m.jd.com/product/100117965571.html
  + (热区商品)  | - | SKU:10232937730827 | https://item.m.jd.com/product/10232937730827.html
  + (热区商品)  | - | SKU:100378833786 | https://item.m.jd.com/product/100378833786.html
  + (热区商品)  | - | SKU:100221790187 | https://item.m.jd.com/product/100221790187.html
[2026/10/9 12:08:35] Qmsg 投递结果 msgId=98614 → ✅ 已送达 QQ
[2026/10/9 12:11:40] 响应状态 200，content-encoding=br，content-type=text/html;charset=UTF-8
[2026/10/9 12:11:40] 第 1 次尝试（直连）获取到真实页面，长度 685385
[2026/10/9 12:11:40] 抓取成功：98 个 SKU（时段商品 21 个 / 楼层商品 21 个）
[2026/10/9 12:11:40] 当前场次：10:00 场（stageId=322238655）；全部场次：10:00:00 → 20:00:00 → 10:00:00
[2026/10/9 12:11:42]   ↳ 热区商品补名 10177602932285 → 薇诺娜（WINONA）祛痘洗面奶氨基酸舒敏保湿洁面乳敏感肌控油温和男女生日礼物 ...
[2026/10/9 12:11:43]   ↳ 热区商品补名 100015742640 → 毛戈平养肤焕颜黑霜1g生日礼物送女生
[2026/10/9 12:11:43]   ↳ 热区商品补名 10171838571603 → 薇诺娜（WINONA）特护霜套装舒敏保湿水乳精华液洁面滋润敏感肌男女生日礼物 【...
[2026/10/9 12:11:44]   ↳ 热区商品补名 10136232149607 → 薇诺娜【会员派样】舒缓特护滋润霜5g男女生日礼物
[2026/10/9 12:11:45]   ↳ 热区商品补名 100063932234 → 相宜本草红景天焕亮细嫩套装（水50ml 乳40g） 中秋节礼物
[2026/10/9 12:11:45]   ↳ 热区商品补名 10163335522763 → 冷酸灵牙膏抗敏感呵护牙龈清新口气清洁牙齿 抗敏清新200g
[2026/10/9 12:11:46]   ↳ 热区商品补名 100190999031 → 润百颜华熙生物玻尿酸高保湿精粹水30ml玻尿酸补水保湿水护肤品爽肤水
[2026/10/9 12:11:46] 【上新】8 个商品：
  + 薇诺娜（WINONA）祛痘洗面奶氨基酸舒敏保湿洁面乳敏感肌控油温和男女生日礼物   | - | SKU:10177602932285 | https://item.m.jd.com/product/10177602932285.html
  + 毛戈平养肤焕颜黑霜1g生日礼物送女生  | - | SKU:100015742640 | https://item.m.jd.com/product/100015742640.html
  + 薇诺娜（WINONA）特护霜套装舒敏保湿水乳精华液洁面滋润敏感肌男女生日礼物 【  | - | SKU:10171838571603 | https://item.m.jd.com/product/10171838571603.html
  + (热区商品)  | - | SKU:100266661882 | https://item.m.jd.com/product/100266661882.html
  + 薇诺娜【会员派样】舒缓特护滋润霜5g男女生日礼物  | - | SKU:10136232149607 | https://item.m.jd.com/product/10136232149607.html
  + 相宜本草红景天焕亮细嫩套装（水50ml 乳40g） 中秋节礼物  | - | SKU:100063932234 | https://item.m.jd.com/product/100063932234.html
  + 冷酸灵牙膏抗敏感呵护牙龈清新口气清洁牙齿 抗敏清新200g  | - | SKU:10163335522763 | https://item.m.jd.com/product/10163335522763.html
  + 润百颜华熙生物玻尿酸高保湿精粹水30ml玻尿酸补水保湿水护肤品爽肤水  | - | SKU:100190999031 | https://item.m.jd.com/product/100190999031.html
[2026/10/9 12:11:50] Qmsg 投递结果 msgId=98626 → ❌ 消息违规，已被丢弃
[2026/10/9 12:11:50] ⚠️ 整条被判违规，改为逐个商品重发
[2026/10/9 12:11:54] Qmsg 投递结果 msgId=98627 → ✅ 已送达 QQ
[2026/10/9 12:12:01] Qmsg 投递结果 msgId=98628 → ✅ 已送达 QQ
[2026/10/9 12:12:07] Qmsg 投递结果 msgId=98629 → ✅ 已送达 QQ
[2026/10/9 12:12:14] Qmsg 投递结果 msgId=98630 → ✅ 已送达 QQ
[2026/10/9 12:12:20] Qmsg 投递结果 msgId=98632 → ✅ 已送达 QQ
[2026/10/9 12:12:27] Qmsg 投递结果 msgId=98634 → ✅ 已送达 QQ
[2026/10/9 12:12:34] Qmsg 投递结果 msgId=98635 → ❌ 消息违规，已被丢弃
[2026/10/9 12:12:40] Qmsg 投递结果 msgId=98636 → ✅ 已送达 QQ
[2026/10/9 12:12:40] 逐个重发完成：7/8 条送达
[2026/10/9 12:16:17] 响应状态 200，content-encoding=br，content-type=text/html;charset=UTF-8
[2026/10/9 12:16:17] 第 1 次尝试（直连）获取到真实页面，长度 688074
[2026/10/9 12:16:17] 抓取成功：101 个 SKU（时段商品 21 个 / 楼层商品 21 个）
[2026/10/9 12:16:17] 当前场次：10:00 场（stageId=322238655）；全部场次：10:00:00 → 20:00:00 → 10:00:00
[2026/10/9 12:16:17] 检查完成，无上新 （热区 17 个，仅记录不推送）
[2026/10/9 12:23:00] 响应状态 200，content-encoding=br，content-type=text/html;charset=UTF-8
[2026/10/9 12:23:00] 第 1 次尝试（直连）获取到真实页面，长度 712321
[2026/10/9 12:23:00] 抓取成功：104 个 SKU（时段商品 21 个 / 楼层商品 21 个）
[2026/10/9 12:23:00] 当前场次：10:00 场（stageId=322238655）；全部场次：10:00:00 → 20:00:00 → 10:00:00
[2026/10/9 12:23:00] 检查完成，无上新 （热区 3 个，仅记录不推送）
[2026/10/9 12:29:50] 响应状态 200，content-encoding=br，content-type=text/html;charset=UTF-8
[2026/10/9 12:29:50] 第 1 次尝试（直连）获取到真实页面，长度 685751
[2026/10/9 12:29:51] 抓取成功：101 个 SKU（时段商品 21 个 / 楼层商品 21 个）
[2026/10/9 12:29:51] 当前场次：10:00 场（stageId=322238655）；全部场次：10:00:00 → 20:00:00 → 10:00:00
[2026/10/9 12:29:51] 检查完成，无上新 
[2026/10/9 12:37:26] 响应状态 200，content-encoding=br，content-type=text/html;charset=UTF-8
[2026/10/9 12:37:26] 第 1 次尝试（直连）获取到真实页面，长度 691537
[2026/10/9 12:37:26] 抓取成功：101 个 SKU（时段商品 21 个 / 楼层商品 21 个）
[2026/10/9 12:37:26] 当前场次：10:00 场（stageId=322238655）；全部场次：10:00:00 → 20:00:00 → 10:00:00
[2026/10/9 12:37:26] 检查完成，无上新 
[2026/10/9 12:47:35] Qmsg 投递结果 msgId=98857 → ✅ 已送达 QQ
[2026/10/9 12:47:35] 测试消息已送达 QQ ✅
[2026/10/9 12:47:36] PushPlus(微信) ✅ 已提交
[2026/10/9 12:47:36] 微信测试消息已提交 ✅
[2026/10/9 13:17:59] 响应状态 200，content-encoding=br，content-type=text/html;charset=UTF-8
[2026/10/9 13:17:59] 第 1 次尝试（直连）获取到真实页面，长度 658232
[2026/10/9 13:17:59] 抓取成功：95 个 SKU（时段商品 21 个 / 楼层商品 21 个）
[2026/10/9 13:17:59] 当前场次：10:00 场（stageId=322238655）；全部场次：10:00:00 → 20:00:00 → 10:00:00
[2026/10/9 13:17:59] 检查完成，无上新 （热区 6 个，仅记录不推送）
[2026/10/9 13:32:13] Qmsg 投递结果 msgId=99074 → ✅ 已送达 QQ
[2026/10/9 13:32:13] 测试消息已送达 QQ ✅
[2026/10/9 13:32:14] PushPlus(微信) ✅ 已提交
[2026/10/9 13:32:14] 微信测试消息已提交 ✅
[2026/10/9 13:34:01] 响应状态 200，content-encoding=br，content-type=text/html;charset=UTF-8
[2026/10/9 13:34:01] 第 1 次尝试（直连）获取到真实页面，长度 666379
[2026/10/9 13:34:01] 抓取成功：97 个 SKU（时段商品 21 个 / 楼层商品 21 个）
[2026/10/9 13:34:01] 当前场次：10:00 场（stageId=322238655）；全部场次：10:00:00 → 20:00:00 → 10:00:00
[2026/10/9 13:34:01] 检查完成，无上新 （热区 2 个，仅记录不推送）
[2026/10/9 13:55:41] 响应状态 200，content-encoding=br，content-type=text/html;charset=UTF-8
[2026/10/9 13:55:42] 第 1 次尝试（直连）获取到真实页面，长度 662383
[2026/10/9 13:55:42] 抓取成功：95 个 SKU（时段商品 21 个 / 楼层商品 21 个）
[2026/10/9 13:55:42] 当前场次：10:00 场（stageId=322238655）；全部场次：10:00:00 → 20:00:00 → 10:00:00
[2026/10/9 13:55:42] 检查完成，无上新 （热区 1 个，仅记录不推送）
[2026/10/9 13:58:02] 响应状态 200，content-encoding=br，content-type=text/html;charset=UTF-8
[2026/10/9 13:58:03] 第 1 次尝试（直连）获取到真实页面，长度 715684
[2026/10/9 13:58:03] 抓取成功：105 个 SKU（时段商品 21 个 / 楼层商品 21 个）
[2026/10/9 13:58:03] 当前场次：10:00 场（stageId=322238655）；全部场次：10:00:00 → 20:00:00 → 10:00:00
[2026/10/9 13:58:03] 检查完成，无上新 （热区 31 个，仅记录不推送）
[2026/10/9 14:20:34] 响应状态 200，content-encoding=br，content-type=text/html;charset=UTF-8
[2026/10/9 14:20:34] 第 1 次尝试（直连）获取到真实页面，长度 657570
[2026/10/9 14:20:34] 抓取成功：94 个 SKU（时段商品 21 个 / 楼层商品 21 个）
[2026/10/9 14:20:34] 当前场次：10:00 场（stageId=322238655）；全部场次：10:00:00 → 20:00:00 → 10:00:00
[2026/10/9 14:20:34] 检查完成，无上新 （热区 19 个，仅记录不推送）
[2026/10/9 14:38:11] 响应状态 200，content-encoding=br，content-type=text/html;charset=UTF-8
[2026/10/9 14:38:12] 第 1 次尝试（直连）获取到真实页面，长度 654006
[2026/10/9 14:38:12] 抓取成功：94 个 SKU（时段商品 21 个 / 楼层商品 21 个）
[2026/10/9 14:38:12] 当前场次：10:00 场（stageId=322238655）；全部场次：10:00:00 → 20:00:00 → 10:00:00
[2026/10/9 14:38:12] 检查完成，无上新 
[2026/10/9 14:43:18] 响应状态 200，content-encoding=br，content-type=text/html;charset=UTF-8
[2026/10/9 14:43:19] 第 1/5 次命中验证页，稍后换 UA 重试
[2026/10/9 14:43:19] 等待 6.5 秒后重试...
[2026/10/9 14:43:25] 响应状态 200，content-encoding=br，content-type=text/html;charset=UTF-8
[2026/10/9 14:43:25] 第 2/5 次命中验证页，稍后换 UA 重试
[2026/10/9 14:43:25] 等待 6.6 秒后重试...
[2026/10/9 14:43:34] 响应状态 200，content-encoding=(无)，content-type=text/plain; charset=utf-8
[2026/10/9 14:43:34] 第 3 次尝试（jina中转）获取到真实页面，长度 647757
[2026/10/9 14:43:34] 抓取成功：93 个 SKU（时段商品 21 个 / 楼层商品 21 个）
[2026/10/9 14:43:34] 当前场次：10:00 场（stageId=322238655）；全部场次：10:00:00 → 20:00:00 → 10:00:00
[2026/10/9 14:43:34] 检查完成，无上新 
[2026/10/9 14:48:23] 响应状态 200，content-encoding=br，content-type=text/html;charset=UTF-8
[2026/10/9 14:48:23] 第 1 次尝试（直连）获取到真实页面，长度 652861
[2026/10/9 14:48:23] 抓取成功：93 个 SKU（时段商品 21 个 / 楼层商品 21 个）
[2026/10/9 14:48:23] 当前场次：10:00 场（stageId=322238655）；全部场次：10:00:00 → 20:00:00 → 10:00:00
[2026/10/9 14:48:23] 检查完成，无上新 （热区 1 个，仅记录不推送）
[2026/10/9 14:53:31] 响应状态 200，content-encoding=br，content-type=text/html;charset=UTF-8
[2026/10/9 14:53:31] 第 1 次尝试（直连）获取到真实页面，长度 650167
[2026/10/9 14:53:31] 抓取成功：93 个 SKU（时段商品 21 个 / 楼层商品 21 个）
[2026/10/9 14:53:31] 当前场次：10:00 场（stageId=322238655）；全部场次：10:00:00 → 20:00:00 → 10:00:00
[2026/10/9 14:53:31] 检查完成，无上新 
[2026/10/9 14:58:40] 响应状态 200，content-encoding=br，content-type=text/html;charset=UTF-8
[2026/10/9 14:58:40] 第 1 次尝试（直连）获取到真实页面，长度 649719
[2026/10/9 14:58:40] 抓取成功：93 个 SKU（时段商品 21 个 / 楼层商品 21 个）
[2026/10/9 14:58:40] 当前场次：10:00 场（stageId=322238655）；全部场次：10:00:00 → 20:00:00 → 10:00:00
[2026/10/9 14:58:40] 检查完成，无上新 
[2026/10/9 15:00:22]【场A】 响应状态 200，content-encoding=br，content-type=text/html;charset=UTF-8
[2026/10/9 15:00:23]【场A】 第 1 次尝试（直连）获取到真实页面，长度 645006
[2026/10/9 15:00:23]【场A】 抓取成功：92 个 SKU（时段商品 21 个 / 楼层商品 21 个）
[2026/10/9 15:00:23]【场A】 当前场次：10:00 场（stageId=322238655）；全部场次：10:00:00 → 20:00:00 → 10:00:00
[2026/10/9 15:00:23]【场A】 检查完成，无上新 （热区 1 个，仅记录不推送）
[2026/10/9 15:00:23]【场B】 响应状态 200，content-encoding=br，content-type=text/html;charset=UTF-8
[2026/10/9 15:00:23]【场B】 第 1 次尝试（直连）获取到真实页面，长度 253527
[2026/10/9 15:00:23]【场B】 抓取成功：16 个 SKU（时段商品 0 个 / 楼层商品 16 个）
[2026/10/9 15:00:23]【场B】 基准快照已建立（首次运行）
[2026/10/9 15:02:01]【场A】 响应状态 200，content-encoding=br，content-type=text/html;charset=UTF-8
[2026/10/9 15:02:01]【场A】 第 1/5 次命中验证页，稍后换 UA 重试
[2026/10/9 15:02:01]【场A】 等待 3.0 秒后重试...
[2026/10/9 15:02:04]【场A】 响应状态 200，content-encoding=br，content-type=text/html;charset=UTF-8
[2026/10/9 15:02:04]【场A】 第 2/5 次命中验证页，稍后换 UA 重试
[2026/10/9 15:02:04]【场A】 等待 6.6 秒后重试...
[2026/10/9 15:02:13]【场A】 响应状态 200，content-encoding=(无)，content-type=text/plain; charset=utf-8
[2026/10/9 15:02:13]【场A】 第 3 次尝试（jina中转）获取到真实页面，长度 640739
[2026/10/9 15:02:13]【场A】 抓取成功：92 个 SKU（时段商品 21 个 / 楼层商品 21 个）
[2026/10/9 15:02:13]【场A】 当前场次：10:00 场（stageId=322238655）；全部场次：10:00:00 → 20:00:00 → 10:00:00
[2026/10/9 15:02:13]【场A】 检查完成，无上新 
[2026/10/9 15:02:14]【场B】 响应状态 200，content-encoding=br，content-type=text/html;charset=UTF-8
[2026/10/9 15:02:14]【场B】 第 1/5 次命中验证页，稍后换 UA 重试
[2026/10/9 15:02:14]【场B】 等待 4.2 秒后重试...
[2026/10/9 15:02:18]【场B】 响应状态 200，content-encoding=br，content-type=text/html;charset=UTF-8
[2026/10/9 15:02:18]【场B】 第 2/5 次命中验证页，稍后换 UA 重试
[2026/10/9 15:02:18]【场B】 等待 7.5 秒后重试...
[2026/10/9 15:02:28]【场B】 响应状态 200，content-encoding=(无)，content-type=text/plain; charset=utf-8
[2026/10/9 15:02:28]【场B】 第 3 次尝试（jina中转）获取到真实页面，长度 248970
[2026/10/9 15:02:28]【场B】 抓取成功：16 个 SKU（时段商品 0 个 / 楼层商品 16 个）
[2026/10/9 15:02:28]【场B】 检查完成，无上新 
[2026/10/9 15:03:44]【场A】 响应状态 200，content-encoding=br，content-type=text/html;charset=UTF-8
[2026/10/9 15:03:44]【场A】 第 1 次尝试（直连）获取到真实页面，长度 644775
[2026/10/9 15:03:44]【场A】 抓取成功：92 个 SKU（时段商品 21 个 / 楼层商品 21 个）
[2026/10/9 15:03:44]【场A】 当前场次：10:00 场（stageId=322238655）；全部场次：10:00:00 → 20:00:00 → 10:00:00
[2026/10/9 15:03:44]【场A】 检查完成，无上新 
[2026/10/9 15:03:46]【场B】 响应状态 200，content-encoding=br，content-type=text/html;charset=UTF-8
[2026/10/9 15:03:46]【场B】 第 1 次尝试（直连）获取到真实页面，长度 253761
[2026/10/9 15:03:46]【场B】 抓取成功：16 个 SKU（时段商品 0 个 / 楼层商品 16 个）
[2026/10/9 15:03:46]【场B】 检查完成，无上新 
[2026/10/9 15:08:49]【场A】 响应状态 200，content-encoding=br，content-type=text/html;charset=UTF-8
[2026/10/9 15:08:49]【场A】 第 1 次尝试（直连）获取到真实页面，长度 645716
[2026/10/9 15:08:49]【场A】 抓取成功：92 个 SKU（时段商品 21 个 / 楼层商品 21 个）
[2026/10/9 15:08:49]【场A】 当前场次：10:00 场（stageId=322238655）；全部场次：10:00:00 → 20:00:00 → 10:00:00
[2026/10/9 15:08:49]【场A】 检查完成，无上新 
[2026/10/9 15:08:50]【场B】 响应状态 200，content-encoding=br，content-type=text/html;charset=UTF-8
[2026/10/9 15:08:50]【场B】 第 1 次尝试（直连）获取到真实页面，长度 254181
[2026/10/9 15:08:50]【场B】 抓取成功：16 个 SKU（时段商品 0 个 / 楼层商品 16 个）
[2026/10/9 15:08:50]【场B】 检查完成，无上新 
[2026/10/9 15:13:55]【场A】 响应状态 200，content-encoding=gzip，content-type=text/html;charset=UTF-8
[2026/10/9 15:13:56]【场A】 第 1 次尝试（直连）获取到真实页面，长度 645490
[2026/10/9 15:13:56]【场A】 抓取成功：92 个 SKU（时段商品 21 个 / 楼层商品 21 个）
[2026/10/9 15:13:56]【场A】 当前场次：10:00 场（stageId=322238655）；全部场次：10:00:00 → 20:00:00 → 10:00:00
[2026/10/9 15:13:56]【场A】 检查完成，无上新 
[2026/10/9 15:13:57]【场B】 响应状态 200，content-encoding=br，content-type=text/html;charset=UTF-8
[2026/10/9 15:13:57]【场B】 第 1/5 次命中验证页，稍后换 UA 重试
[2026/10/9 15:13:57]【场B】 等待 5.3 秒后重试...
[2026/10/9 15:14:03]【场B】 响应状态 200，content-encoding=br，content-type=text/html;charset=UTF-8
[2026/10/9 15:14:03]【场B】 第 2 次尝试（直连）获取到真实页面，长度 254180
[2026/10/9 15:14:03]【场B】 抓取成功：16 个 SKU（时段商品 0 个 / 楼层商品 16 个）
[2026/10/9 15:14:03]【场B】 检查完成，无上新 
[2026/10/9 15:38:45]【场A】 响应状态 200，content-encoding=br，content-type=text/html;charset=UTF-8
[2026/10/9 15:38:45]【场A】 第 1 次尝试（直连）获取到真实页面，长度 657921
[2026/10/9 15:38:45]【场A】 抓取成功：95 个 SKU（时段商品 21 个 / 楼层商品 21 个）
[2026/10/9 15:38:45]【场A】 当前场次：10:00 场（stageId=322238655）；全部场次：10:00:00 → 20:00:00 → 10:00:00
[2026/10/9 15:38:45]【场A】 检查完成，无上新 （热区 4 个，仅记录不推送）
[2026/10/9 15:38:45]【场B】 响应状态 200，content-encoding=br，content-type=text/html;charset=UTF-8
[2026/10/9 15:38:45]【场B】 第 1/5 次命中验证页，稍后换 UA 重试
[2026/10/9 15:38:45]【场B】 等待 5.5 秒后重试...
[2026/10/9 15:38:52]【场B】 响应状态 200，content-encoding=br，content-type=text/html;charset=UTF-8
[2026/10/9 15:38:52]【场B】 第 2/5 次命中验证页，稍后换 UA 重试
[2026/10/9 15:38:52]【场B】 等待 7.1 秒后重试...
[2026/10/9 15:39:00]【场B】 响应状态 200，content-encoding=(无)，content-type=text/plain; charset=utf-8
[2026/10/9 15:39:00]【场B】 第 3/5 次命中验证页，稍后重试
[2026/10/9 15:39:00]【场B】 等待 2.0 秒后重试...
[2026/10/9 15:39:03]【场B】 响应状态 200，content-encoding=(无)，content-type=text/plain; charset=utf-8
[2026/10/9 15:39:03]【场B】 第 4/5 次命中验证页，稍后重试
[2026/10/9 15:39:03]【场B】 等待 2.0 秒后重试...
[2026/10/9 15:39:06]【场B】 响应状态 200，content-encoding=(无)，content-type=text/plain; charset=utf-8
[2026/10/9 15:39:06]【场B】 第 5/5 次命中验证页，稍后重试
[2026/10/9 15:39:06]【场B】 全部重试均失败（验证页/网络），本次跳过
[2026/10/9 15:40:06]【场A】 响应状态 200，content-encoding=br，content-type=text/html;charset=UTF-8
[2026/10/9 15:40:06]【场A】 第 1 次尝试（直连）获取到真实页面，长度 650020
[2026/10/9 15:40:06]【场A】 抓取成功：93 个 SKU（时段商品 21 个 / 楼层商品 21 个）
[2026/10/9 15:40:06]【场A】 当前场次：10:00 场（stageId=322238655）；全部场次：10:00:00 → 20:00:00 → 10:00:00
[2026/10/9 15:40:06]【场A】 检查完成，无上新 （热区 1 个，仅记录不推送）
[2026/10/9 15:40:07]【场B】 响应状态 200，content-encoding=br，content-type=text/html;charset=UTF-8
[2026/10/9 15:40:07]【场B】 第 1 次尝试（直连）获取到真实页面，长度 254177
[2026/10/9 15:40:07]【场B】 抓取成功：16 个 SKU（时段商品 0 个 / 楼层商品 16 个）
[2026/10/9 15:40:07]【场B】 检查完成，无上新 
[2026/10/9 15:45:11]【场A】 响应状态 200，content-encoding=br，content-type=text/html;charset=UTF-8
[2026/10/9 15:45:11]【场A】 第 1 次尝试（直连）获取到真实页面，长度 653502
[2026/10/9 15:45:11]【场A】 抓取成功：93 个 SKU（时段商品 21 个 / 楼层商品 21 个）
[2026/10/9 15:45:11]【场A】 当前场次：10:00 场（stageId=322238655）；全部场次：10:00:00 → 20:00:00 → 10:00:00
[2026/10/9 15:45:11]【场A】 检查完成，无上新 （热区 1 个，仅记录不推送）
[2026/10/9 15:45:12]【场B】 响应状态 200，content-encoding=br，content-type=text/html;charset=UTF-8
[2026/10/9 15:45:12]【场B】 第 1 次尝试（直连）获取到真实页面，长度 253958
[2026/10/9 15:45:12]【场B】 抓取成功：16 个 SKU（时段商品 0 个 / 楼层商品 16 个）
[2026/10/9 15:45:12]【场B】 检查完成，无上新 
[2026/10/9 15:50:18]【场A】 响应状态 200，content-encoding=br，content-type=text/html;charset=UTF-8
[2026/10/9 15:50:19]【场A】 第 1 次尝试（直连）获取到真实页面，长度 410997
[2026/10/9 15:50:19]【场A】 抓取成功：42 个 SKU（时段商品 21 个 / 楼层商品 21 个）
[2026/10/9 15:50:19]【场A】 当前场次：10:00 场（stageId=322238655）；全部场次：10:00:00 → 20:00:00 → 10:00:00
[2026/10/9 15:50:19]【场A】 检查完成，无上新 （热区 1 个，仅记录不推送）
[2026/10/9 15:50:19]【场B】 响应状态 200，content-encoding=br，content-type=text/html;charset=UTF-8
[2026/10/9 15:50:19]【场B】 第 1 次尝试（直连）获取到真实页面，长度 253950
[2026/10/9 15:50:19]【场B】 抓取成功：16 个 SKU（时段商品 0 个 / 楼层商品 16 个）
[2026/10/9 15:50:19]【场B】 检查完成，无上新 
[2026/10/9 15:55:27]【场A】 响应状态 200，content-encoding=br，content-type=text/html;charset=UTF-8
[2026/10/9 15:55:28]【场A】 第 1 次尝试（直连）获取到真实页面，长度 700087
[2026/10/9 15:55:28]【场A】 抓取成功：105 个 SKU（时段商品 21 个 / 楼层商品 21 个）
[2026/10/9 15:55:28]【场A】 当前场次：10:00 场（stageId=322238655）；全部场次：10:00:00 → 20:00:00 → 10:00:00
[2026/10/9 15:55:28]【场A】 检查完成，无上新 （热区 64 个，仅记录不推送）
[2026/10/9 15:55:28]【场B】 响应状态 200，content-encoding=br，content-type=text/html;charset=UTF-8
[2026/10/9 15:55:28]【场B】 第 1 次尝试（直连）获取到真实页面，长度 253951
[2026/10/9 15:55:28]【场B】 抓取成功：16 个 SKU（时段商品 0 个 / 楼层商品 16 个）
[2026/10/9 15:55:28]【场B】 检查完成，无上新 
[2026/10/9 16:00:30]【场A】 响应状态 200，content-encoding=br，content-type=text/html;charset=UTF-8
[2026/10/9 16:00:31]【场A】 第 1 次尝试（直连）获取到真实页面，长度 652965
[2026/10/9 16:00:31]【场A】 抓取成功：94 个 SKU（时段商品 21 个 / 楼层商品 21 个）
[2026/10/9 16:00:31]【场A】 当前场次：10:00 场（stageId=322238655）；全部场次：10:00:00 → 20:00:00 → 10:00:00
[2026/10/9 16:00:31]【场A】 检查完成，无上新 （热区 2 个，仅记录不推送）
[2026/10/9 16:00:32]【场B】 响应状态 200，content-encoding=br，content-type=text/html;charset=UTF-8
[2026/10/9 16:00:32]【场B】 第 1 次尝试（直连）获取到真实页面，长度 253740
[2026/10/9 16:00:32]【场B】 抓取成功：16 个 SKU（时段商品 0 个 / 楼层商品 16 个）
[2026/10/9 16:00:32]【场B】 检查完成，无上新 
[2026/10/9 16:05:34]【场A】 响应状态 200，content-encoding=br，content-type=text/html;charset=UTF-8
[2026/10/9 16:05:34]【场A】 第 1/5 次命中验证页，稍后换 UA 重试
[2026/10/9 16:05:34]【场A】 等待 5.6 秒后重试...
[2026/10/9 16:05:40]【场A】 响应状态 200，content-encoding=br，content-type=text/html;charset=UTF-8
[2026/10/9 16:05:40]【场A】 第 2/5 次命中验证页，稍后换 UA 重试
[2026/10/9 16:05:40]【场A】 等待 4.0 秒后重试...
[2026/10/9 16:05:46]【场A】 响应状态 200，content-encoding=(无)，content-type=text/plain; charset=utf-8
[2026/10/9 16:05:46]【场A】 第 3 次尝试（jina中转）获取到真实页面，长度 645850
[2026/10/9 16:05:46]【场A】 抓取成功：93 个 SKU（时段商品 21 个 / 楼层商品 21 个）
[2026/10/9 16:05:46]【场A】 当前场次：10:00 场（stageId=322238655）；全部场次：10:00:00 → 20:00:00 → 10:00:00
[2026/10/9 16:05:46]【场A】 检查完成，无上新 
[2026/10/9 16:05:47]【场B】 响应状态 200，content-encoding=br，content-type=text/html;charset=UTF-8
[2026/10/9 16:05:47]【场B】 第 1/5 次命中验证页，稍后换 UA 重试
[2026/10/9 16:05:47]【场B】 等待 3.3 秒后重试...
[2026/10/9 16:05:50]【场B】 响应状态 200，content-encoding=br，content-type=text/html;charset=UTF-8
[2026/10/9 16:05:50]【场B】 第 2/5 次命中验证页，稍后换 UA 重试
[2026/10/9 16:05:50]【场B】 等待 3.9 秒后重试...
[2026/10/9 16:05:57]【场B】 响应状态 200，content-encoding=(无)，content-type=text/plain; charset=utf-8
[2026/10/9 16:05:57]【场B】 第 3 次尝试（jina中转）获取到真实页面，长度 249603
[2026/10/9 16:05:57]【场B】 抓取成功：16 个 SKU（时段商品 0 个 / 楼层商品 16 个）
[2026/10/9 16:05:57]【场B】 检查完成，无上新 
[2026/10/9 16:10:42]【场A】 响应状态 200，content-encoding=br，content-type=text/html;charset=UTF-8
[2026/10/9 16:10:42]【场A】 第 1/5 次命中验证页，稍后换 UA 重试
[2026/10/9 16:10:42]【场A】 等待 6.1 秒后重试...
[2026/10/9 16:10:49]【场A】 响应状态 200，content-encoding=br，content-type=text/html;charset=UTF-8
[2026/10/9 16:10:49]【场A】 第 2 次尝试（直连）获取到真实页面，长度 652195
[2026/10/9 16:10:49]【场A】 抓取成功：93 个 SKU（时段商品 21 个 / 楼层商品 21 个）
[2026/10/9 16:10:49]【场A】 当前场次：10:00 场（stageId=322238655）；全部场次：10:00:00 → 20:00:00 → 10:00:00
[2026/10/9 16:10:49]【场A】 检查完成，无上新 
[2026/10/9 16:10:51]【场B】 响应状态 200，content-encoding=br，content-type=text/html;charset=UTF-8
[2026/10/9 16:10:51]【场B】 第 1/5 次命中验证页，稍后换 UA 重试
[2026/10/9 16:10:51]【场B】 等待 6.6 秒后重试...
[2026/10/9 16:10:58]【场B】 响应状态 200，content-encoding=br，content-type=text/html;charset=UTF-8
[2026/10/9 16:10:58]【场B】 第 2/5 次命中验证页，稍后换 UA 重试
[2026/10/9 16:10:58]【场B】 等待 4.5 秒后重试...
[2026/10/9 16:11:05]【场B】 响应状态 200，content-encoding=(无)，content-type=text/plain; charset=utf-8
[2026/10/9 16:11:05]【场B】 第 3/5 次命中验证页，稍后重试
[2026/10/9 16:11:05]【场B】 等待 2.0 秒后重试...
[2026/10/9 16:11:08]【场B】 响应状态 200，content-encoding=(无)，content-type=text/plain; charset=utf-8
[2026/10/9 16:11:08]【场B】 第 4/5 次命中验证页，稍后重试
[2026/10/9 16:11:08]【场B】 等待 2.0 秒后重试...
[2026/10/9 16:11:11]【场B】 响应状态 200，content-encoding=(无)，content-type=text/plain; charset=utf-8
[2026/10/9 16:11:11]【场B】 第 5/5 次命中验证页，稍后重试
[2026/10/9 16:11:11]【场B】 全部重试均失败（验证页/网络），本次跳过
[2026/10/9 16:15:44]【场A】 响应状态 200，content-encoding=br，content-type=text/html;charset=UTF-8
[2026/10/9 16:15:44]【场A】 第 1/5 次命中验证页，稍后换 UA 重试
[2026/10/9 16:15:44]【场A】 等待 5.0 秒后重试...
[2026/10/9 16:15:49]【场A】 响应状态 200，content-encoding=br，content-type=text/html;charset=UTF-8
[2026/10/9 16:15:49]【场A】 第 2/5 次命中验证页，稍后换 UA 重试
[2026/10/9 16:15:49]【场A】 等待 7.2 秒后重试...
[2026/10/9 16:15:59]【场A】 响应状态 200，content-encoding=(无)，content-type=text/plain; charset=utf-8
[2026/10/9 16:15:59]【场A】 第 3 次尝试（jina中转）获取到真实页面，长度 38785
[2026/10/9 16:15:59]【场A】 未找到 __react_data__，HTML 已保存到 /home/runner/work/monitor/monitor/data/debug.html
[2026/10/9 16:15:59]【场A】 HTML 长度: 38785
[2026/10/9 16:15:59]【场A】 首 300 字符: <html> <head> <meta charset="utf-8"> <meta name="apple-mobile-web-app-capable" content="yes"> <meta name="viewport" content="width=device-width,initial-scale=1.0,user-scalable=no,maximum-scale=1.0,viewport-fit=cover"> <meta name="format-detecti
[2026/10/9 16:15:59]【场A】 末 300 字符: 179372/610bb1d5Ef2972c2b/5f06a5cb1683c8cf.jpg" style="width:100%;"/><div style="color:rgb(155, 155, 155);text-align:center;line-height:44px;">加载失败，请点击重试</div>';panel.onclick=function(){window.location.reload();};document.body.appendChild(panel);}}</script> </body> </html>
[2026/10/9 16:15:59]【场A】 window.* 赋值出现: window.jap =, window.lazyFailedScripts=, window.isStatic=, window.MPingPromise=, window.onGetBridgeChannelType=, window.__bridge_channel_type__=, window.h5CpsMtaData=, window.__babel_pv_reported__=, window.__babel_pv_reported__=, window.putExpoPV=, window.__expo_pv_reported__=, window.putVirtualPv=, window.setMtaSpmParamCB=, window.putFirstExpo=, window.__prepare_tracking__=, window.__track_source_url__=, window.__native_container_aid__=, window.__pv_report_visibility__=, window.BOOMR_mq=, window.BOOMR_API_key=
[2026/10/9 16:15:59]【场A】 解析失败：未找到 __react_data__（页面结构可能已变，HTML 已保存）（页面结构可能已变）
[2026/10/9 16:15:59]【场B】 响应状态 200，content-encoding=br，content-type=text/html;charset=UTF-8
[2026/10/9 16:15:59]【场B】 第 1 次尝试（直连）获取到真实页面，长度 254153
[2026/10/9 16:15:59]【场B】 抓取成功：16 个 SKU（时段商品 0 个 / 楼层商品 16 个）
[2026/10/9 16:15:59]【场B】 检查完成，无上新 
[2026/10/9 16:20:49]【场A】 响应状态 200，content-encoding=br，content-type=text/html;charset=UTF-8
[2026/10/9 16:20:50]【场A】 第 1 次尝试（直连）获取到真实页面，长度 653649
[2026/10/9 16:20:50]【场A】 抓取成功：93 个 SKU（时段商品 21 个 / 楼层商品 21 个）
[2026/10/9 16:20:50]【场A】 当前场次：10:00 场（stageId=322238655）；全部场次：10:00:00 → 20:00:00 → 10:00:00
[2026/10/9 16:20:50]【场A】 检查完成，无上新 
[2026/10/9 16:20:51]【场B】 响应状态 200，content-encoding=br，content-type=text/html;charset=UTF-8
[2026/10/9 16:20:51]【场B】 第 1 次尝试（直连）获取到真实页面，长度 254393
[2026/10/9 16:20:51]【场B】 抓取成功：16 个 SKU（时段商品 0 个 / 楼层商品 16 个）
[2026/10/9 16:20:51]【场B】 检查完成，无上新 
[2026/10/9 16:25:56]【场A】 响应状态 200，content-encoding=br，content-type=text/html;charset=UTF-8
[2026/10/9 16:25:56]【场A】 第 1/5 次命中验证页，稍后换 UA 重试
[2026/10/9 16:25:56]【场A】 等待 3.8 秒后重试...
[2026/10/9 16:26:00]【场A】 响应状态 200，content-encoding=br，content-type=text/html;charset=UTF-8
[2026/10/9 16:26:00]【场A】 第 2/5 次命中验证页，稍后换 UA 重试
[2026/10/9 16:26:00]【场A】 等待 3.6 秒后重试...
[2026/10/9 16:26:05]【场A】 响应状态 200，content-encoding=(无)，content-type=text/plain; charset=utf-8
[2026/10/9 16:26:05]【场A】 第 3 次尝试（jina中转）获取到真实页面，长度 670317
[2026/10/9 16:26:05]【场A】 抓取成功：96 个 SKU（时段商品 21 个 / 楼层商品 21 个）
[2026/10/9 16:26:05]【场A】 当前场次：10:00 场（stageId=322238655）；全部场次：10:00:00 → 20:00:00 → 10:00:00
[2026/10/9 16:26:05]【场A】 检查完成，无上新 （热区 3 个，仅记录不推送）
[2026/10/9 16:26:06]【场B】 响应状态 200，content-encoding=br，content-type=text/html;charset=UTF-8
[2026/10/9 16:26:06]【场B】 第 1/5 次命中验证页，稍后换 UA 重试
[2026/10/9 16:26:06]【场B】 等待 5.3 秒后重试...
[2026/10/9 16:26:12]【场B】 响应状态 200，content-encoding=br，content-type=text/html;charset=UTF-8
[2026/10/9 16:26:12]【场B】 第 2 次尝试（直连）获取到真实页面，长度 254386
[2026/10/9 16:26:12]【场B】 抓取成功：16 个 SKU（时段商品 0 个 / 楼层商品 16 个）
[2026/10/9 16:26:12]【场B】 检查完成，无上新 
[2026/10/9 16:31:03]【场A】 响应状态 200，content-encoding=br，content-type=text/html;charset=UTF-8
[2026/10/9 16:31:04]【场A】 第 1 次尝试（直连）获取到真实页面，长度 673260
[2026/10/9 16:31:04]【场A】 抓取成功：98 个 SKU（时段商品 21 个 / 楼层商品 21 个）
[2026/10/9 16:31:04]【场A】 当前场次：10:00 场（stageId=322238655）；全部场次：10:00:00 → 20:00:00 → 10:00:00
[2026/10/9 16:31:04]【场A】 检查完成，无上新 （热区 22 个，仅记录不推送）
[2026/10/9 16:31:05]【场B】 响应状态 200，content-encoding=br，content-type=text/html;charset=UTF-8
[2026/10/9 16:31:05]【场B】 第 1 次尝试（直连）获取到真实页面，长度 254152
[2026/10/9 16:31:05]【场B】 抓取成功：16 个 SKU（时段商品 0 个 / 楼层商品 16 个）
[2026/10/9 16:31:05]【场B】 检查完成，无上新 
[2026/10/9 16:36:09]【场A】 响应状态 200，content-encoding=br，content-type=text/html;charset=UTF-8
[2026/10/9 16:36:09]【场A】 第 1 次尝试（直连）获取到真实页面，长度 652282
[2026/10/9 16:36:09]【场A】 抓取成功：93 个 SKU（时段商品 21 个 / 楼层商品 21 个）
[2026/10/9 16:36:09]【场A】 当前场次：10:00 场（stageId=322238655）；全部场次：10:00:00 → 20:00:00 → 10:00:00
[2026/10/9 16:36:09]【场A】 检查完成，无上新 （热区 17 个，仅记录不推送）
[2026/10/9 16:36:10]【场B】 响应状态 200，content-encoding=br，content-type=text/html;charset=UTF-8
[2026/10/9 16:36:10]【场B】 第 1 次尝试（直连）获取到真实页面，长度 254383
[2026/10/9 16:36:10]【场B】 抓取成功：16 个 SKU（时段商品 0 个 / 楼层商品 16 个）
[2026/10/9 16:36:10]【场B】 检查完成，无上新 
[2026/10/9 16:41:15]【场A】 响应状态 200，content-encoding=br，content-type=text/html;charset=UTF-8
[2026/10/9 16:41:15]【场A】 第 1 次尝试（直连）获取到真实页面，长度 652277
[2026/10/9 16:41:15]【场A】 抓取成功：93 个 SKU（时段商品 21 个 / 楼层商品 21 个）
[2026/10/9 16:41:15]【场A】 当前场次：10:00 场（stageId=322238655）；全部场次：10:00:00 → 20:00:00 → 10:00:00
[2026/10/9 16:41:15]【场A】 检查完成，无上新 
[2026/10/9 16:41:16]【场B】 响应状态 200，content-encoding=br，content-type=text/html;charset=UTF-8
[2026/10/9 16:41:16]【场B】 第 1 次尝试（直连）获取到真实页面，长度 254400
[2026/10/9 16:41:16]【场B】 抓取成功：16 个 SKU（时段商品 0 个 / 楼层商品 16 个）
[2026/10/9 16:41:16]【场B】 检查完成，无上新 
[2026/10/9 16:46:17]【场A】 响应状态 200，content-encoding=br，content-type=text/html;charset=UTF-8
[2026/10/9 16:46:17]【场A】 第 1 次尝试（直连）获取到真实页面，长度 662557
[2026/10/9 16:46:17]【场A】 抓取成功：93 个 SKU（时段商品 21 个 / 楼层商品 21 个）
[2026/10/9 16:46:17]【场A】 当前场次：10:00 场（stageId=322238655）；全部场次：10:00:00 → 20:00:00 → 10:00:00
[2026/10/9 16:46:17]【场A】 检查完成，无上新 （热区 1 个，仅记录不推送）
[2026/10/9 16:46:18]【场B】 响应状态 200，content-encoding=br，content-type=text/html;charset=UTF-8
[2026/10/9 16:46:18]【场B】 第 1/5 次命中验证页，稍后换 UA 重试
[2026/10/9 16:46:18]【场B】 等待 5.2 秒后重试...
[2026/10/9 16:46:24]【场B】 响应状态 200，content-encoding=br，content-type=text/html;charset=UTF-8
[2026/10/9 16:46:24]【场B】 第 2/5 次命中验证页，稍后换 UA 重试
[2026/10/9 16:46:24]【场B】 等待 3.6 秒后重试...
[2026/10/9 16:46:28]【场B】 响应状态 200，content-encoding=(无)，content-type=text/plain; charset=utf-8
[2026/10/9 16:46:28]【场B】 第 3/5 次命中验证页，稍后重试
[2026/10/9 16:46:28]【场B】 等待 2.0 秒后重试...
[2026/10/9 16:46:32]【场B】 响应状态 200，content-encoding=(无)，content-type=text/plain; charset=utf-8
[2026/10/9 16:46:32]【场B】 第 4/5 次命中验证页，稍后重试
[2026/10/9 16:46:32]【场B】 等待 2.0 秒后重试...
[2026/10/9 16:46:36]【场B】 响应状态 200，content-encoding=(无)，content-type=text/plain; charset=utf-8
[2026/10/9 16:46:36]【场B】 第 5 次尝试（jina中转）获取到真实页面，长度 249613
[2026/10/9 16:46:36]【场B】 抓取成功：16 个 SKU（时段商品 0 个 / 楼层商品 16 个）
[2026/10/9 16:46:36]【场B】 检查完成，无上新 
[2026/10/9 16:51:22]【场A】 响应状态 200，content-encoding=br，content-type=text/html;charset=UTF-8
[2026/10/9 16:51:22]【场A】 第 1 次尝试（直连）获取到真实页面，长度 649738
[2026/10/9 16:51:22]【场A】 抓取成功：93 个 SKU（时段商品 21 个 / 楼层商品 21 个）
[2026/10/9 16:51:22]【场A】 当前场次：10:00 场（stageId=322238655）；全部场次：10:00:00 → 20:00:00 → 10:00:00
[2026/10/9 16:51:22]【场A】 检查完成，无上新 （热区 1 个，仅记录不推送）
[2026/10/9 16:51:23]【场B】 响应状态 200，content-encoding=br，content-type=text/html;charset=UTF-8
[2026/10/9 16:51:23]【场B】 第 1/5 次命中验证页，稍后换 UA 重试
[2026/10/9 16:51:23]【场B】 等待 4.8 秒后重试...
[2026/10/9 16:51:28]【场B】 响应状态 200，content-encoding=br，content-type=text/html;charset=UTF-8
[2026/10/9 16:51:28]【场B】 第 2/5 次命中验证页，稍后换 UA 重试
[2026/10/9 16:51:28]【场B】 等待 6.0 秒后重试...
[2026/10/9 16:51:36]【场B】 响应状态 200，content-encoding=(无)，content-type=text/plain; charset=utf-8
[2026/10/9 16:51:36]【场B】 第 3 次尝试（jina中转）获取到真实页面，长度 249601
[2026/10/9 16:51:36]【场B】 抓取成功：16 个 SKU（时段商品 0 个 / 楼层商品 16 个）
[2026/10/9 16:51:36]【场B】 检查完成，无上新 
[2026/10/9 16:56:27]【场A】 响应状态 200，content-encoding=br，content-type=text/html;charset=UTF-8
[2026/10/9 16:56:27]【场A】 第 1 次尝试（直连）获取到真实页面，长度 662481
[2026/10/9 16:56:27]【场A】 抓取成功：93 个 SKU（时段商品 21 个 / 楼层商品 21 个）
[2026/10/9 16:56:27]【场A】 当前场次：10:00 场（stageId=322238655）；全部场次：10:00:00 → 20:00:00 → 10:00:00
[2026/10/9 16:56:27]【场A】 检查完成，无上新 
[2026/10/9 16:56:28]【场B】 响应状态 200，content-encoding=br，content-type=text/html;charset=UTF-8
[2026/10/9 16:56:28]【场B】 第 1 次尝试（直连）获取到真实页面，长度 254158
[2026/10/9 16:56:28]【场B】 抓取成功：16 个 SKU（时段商品 0 个 / 楼层商品 16 个）
[2026/10/9 16:56:28]【场B】 检查完成，无上新 
[2026/10/9 17:01:32]【场A】 响应状态 200，content-encoding=br，content-type=text/html;charset=UTF-8
[2026/10/9 17:01:32]【场A】 第 1 次尝试（直连）获取到真实页面，长度 644279
[2026/10/9 17:01:32]【场A】 抓取成功：92 个 SKU（时段商品 21 个 / 楼层商品 21 个）
[2026/10/9 17:01:32]【场A】 当前场次：10:00 场（stageId=322238655）；全部场次：10:00:00 → 20:00:00 → 10:00:00
[2026/10/9 17:01:32]【场A】 检查完成，无上新 
[2026/10/9 17:01:33]【场B】 响应状态 200，content-encoding=br，content-type=text/html;charset=UTF-8
[2026/10/9 17:01:33]【场B】 第 1 次尝试（直连）获取到真实页面，长度 259793
[2026/10/9 17:01:33]【场B】 抓取成功：18 个 SKU（时段商品 0 个 / 楼层商品 18 个）
[2026/10/9 17:01:33]【场B】 【上新】5 个商品：
  + 京东京造 180mm黑刃剪刀 黑色 ￥5.19 | 京东京造自营旗舰店 | SKU:100305506406 | https://item.m.jd.com/product/100305506406.html
  + JEPOO新款马桶刷 S型刷毛两个装 ￥5.97 | JEPOO官方旗舰店 | SKU:10228631471641 | https://item.m.jd.com/product/10228631471641.html
  + 半亩花田防断发洗发水100g便捷装 ￥9.89 | 半亩花田京东自营旗舰店 | SKU:100355115784 | https://item.m.jd.com/product/100355115784.html
  + 安岳柠檬8个 |单果70克+ ￥5.69 | 京喜自营官方店 | SKU:10210613072742 | https://item.m.jd.com/product/10210613072742.html
  + 立白超洁洗衣粉245g+大师粉35g ￥9.6 | 立白大师香氛洗衣液旗舰店 | SKU:10181700613035 | https://item.m.jd.com/product/10181700613035.html
[2026/10/9 17:01:37]【场B】 Qmsg 投递结果 msgId=100570 → ✅ 已送达 QQ
[2026/10/9 17:01:38]【场B】 PushPlus(微信) ✅ 已提交
[2026/10/9 17:06:38]【场A】 响应状态 200，content-encoding=br，content-type=text/html;charset=UTF-8
[2026/10/9 17:06:39]【场A】 第 1 次尝试（直连）获取到真实页面，长度 645525
[2026/10/9 17:06:39]【场A】 抓取成功：92 个 SKU（时段商品 21 个 / 楼层商品 21 个）
[2026/10/9 17:06:39]【场A】 当前场次：10:00 场（stageId=322238655）；全部场次：10:00:00 → 20:00:00 → 10:00:00
[2026/10/9 17:06:39]【场A】 检查完成，无上新 
[2026/10/9 17:06:40]【场B】 响应状态 200，content-encoding=br，content-type=text/html;charset=UTF-8
[2026/10/9 17:06:40]【场B】 第 1/5 次命中验证页，稍后换 UA 重试
[2026/10/9 17:06:40]【场B】 等待 3.1 秒后重试...
[2026/10/9 17:06:44]【场B】 响应状态 200，content-encoding=br，content-type=text/html;charset=UTF-8
[2026/10/9 17:06:44]【场B】 第 2 次尝试（直连）获取到真实页面，长度 260203
[2026/10/9 17:06:44]【场B】 抓取成功：18 个 SKU（时段商品 0 个 / 楼层商品 18 个）
[2026/10/9 17:06:44]【场B】 检查完成，无上新 
[2026/10/9 17:11:44]【场A】 响应状态 200，content-encoding=br，content-type=text/html;charset=UTF-8
[2026/10/9 17:11:44]【场A】 第 1 次尝试（直连）获取到真实页面，长度 657845
[2026/10/9 17:11:44]【场A】 抓取成功：95 个 SKU（时段商品 21 个 / 楼层商品 21 个）
[2026/10/9 17:11:44]【场A】 当前场次：10:00 场（stageId=322238655）；全部场次：10:00:00 → 20:00:00 → 10:00:00
[2026/10/9 17:11:44]【场A】 检查完成，无上新 （热区 3 个，仅记录不推送）
[2026/10/9 17:11:45]【场B】 响应状态 200，content-encoding=br，content-type=text/html;charset=UTF-8
[2026/10/9 17:11:45]【场B】 第 1 次尝试（直连）获取到真实页面，长度 259973
[2026/10/9 17:11:45]【场B】 抓取成功：18 个 SKU（时段商品 0 个 / 楼层商品 18 个）
[2026/10/9 17:11:45]【场B】 检查完成，无上新 
